// Jest Snapshot v1, https://goo.gl/fbAQLP

exports[`Hello.vue snapshhot 1`] = `
<div>
  <h1>Count: 0</h1> <button jest="increment-button">+1</button>
  <div><button></button></div>
</div>
`;
